../Core/Inc/layouts/main_menu.hpp:42:15:BaseMenu::~BaseMenu()	16	static
../Core/Inc/layouts/main_menu.hpp:42:15:virtual BaseMenu::~BaseMenu()	16	static
../Core/Inc/layouts/main_menu.hpp:54:7:virtual void MainMenu::DataUpdate(const SystemData*)	16	static
../Core/Inc/layouts/main_menu.hpp:55:11:virtual BaseMenu::MenuType MainMenu::GetType() const	16	static
../Core/Inc/layouts/main_menu.hpp:28:7:constexpr BaseMenu::BaseMenu()	16	static
../Core/Inc/layouts/main_menu.hpp:56:2:MainMenu::MainMenu()	16	static
../Core/Inc/layouts/main_menu.hpp:62:6:virtual void MainMenu::CursorUp()	16	static
../Core/Inc/layouts/main_menu.hpp:69:6:virtual void MainMenu::CursorDown()	16	static
../Core/Inc/layouts/main_menu.hpp:76:5:virtual int MainMenu::Enter()	16	static
../Core/Inc/layouts/main_menu.hpp:81:6:virtual void MainMenu::DrawCursor()	24	static
../Core/Inc/layouts/main_menu.hpp:87:6:virtual void MainMenu::Draw()	24	static
../Core/Inc/layouts/bottom_stroke.hpp:33:2:BottomSTR::BottomSTR()	16	static
../Core/Inc/layouts/bottom_stroke.hpp:44:5:int BottomSTR::CalculatePercent(const char*)	40	static
../Core/Inc/layouts/bottom_stroke.hpp:64:6:void BottomSTR::DataUpdate(const SystemData*)	24	static
../Core/Inc/layouts/bottom_stroke.hpp:77:6:void BottomSTR::Draw()	32	static
../Core/Inc/layouts/diagnostics_menu.hpp:32:11:virtual BaseMenu::MenuType DiagnosticsMenu::GetType() const	16	static
../Core/Inc/layouts/diagnostics_menu.hpp:35:2:DiagnosticsMenu::DiagnosticsMenu()	16	static
../Core/Inc/layouts/diagnostics_menu.hpp:44:6:virtual void DiagnosticsMenu::DataUpdate(const SystemData*)	16	static
../Core/Inc/layouts/diagnostics_menu.hpp:53:6:virtual void DiagnosticsMenu::CursorUp()	16	static
../Core/Inc/layouts/diagnostics_menu.hpp:60:6:virtual void DiagnosticsMenu::CursorDown()	16	static
../Core/Inc/layouts/diagnostics_menu.hpp:67:5:virtual int DiagnosticsMenu::Enter()	16	static
../Core/Inc/layouts/diagnostics_menu.hpp:72:6:void DiagnosticsMenu::Cancel()	16	static
../Core/Inc/layouts/diagnostics_menu.hpp:77:6:virtual void DiagnosticsMenu::DrawCursor()	24	static
../Core/Inc/layouts/diagnostics_menu.hpp:83:6:virtual void DiagnosticsMenu::Draw()	56	static
../Core/Inc/layouts/vma_revolutions_menu.hpp:35:11:virtual BaseMenu::MenuType VmaMenu::GetType() const	16	static
../Core/Inc/layouts/vma_revolutions_menu.hpp:37:2:VmaMenu::VmaMenu()	24	static
../Core/Inc/layouts/vma_revolutions_menu.hpp:49:6:virtual void VmaMenu::DataUpdate(const SystemData*)	24	static
../Core/Inc/layouts/vma_revolutions_menu.hpp:57:6:virtual void VmaMenu::CursorUp()	16	static
../Core/Inc/layouts/vma_revolutions_menu.hpp:61:6:virtual void VmaMenu::CursorDown()	16	static
../Core/Inc/layouts/vma_revolutions_menu.hpp:65:5:virtual int VmaMenu::Enter()	16	static
../Core/Inc/layouts/vma_revolutions_menu.hpp:70:6:void VmaMenu::Cancel()	16	static
../Core/Inc/layouts/vma_revolutions_menu.hpp:74:6:virtual void VmaMenu::DrawCursor()	16	static
../Core/Inc/layouts/vma_revolutions_menu.hpp:78:6:virtual void VmaMenu::Draw()	40	static
../Core/Src/main.cpp:92:6:void ParseData(const char*)	96	static
../Core/Src/main.cpp:154:5:int main()	72	static
../Core/Src/main.cpp:295:6:void SystemClock_Config()	72	static
../Core/Src/main.cpp:335:13:void MX_I2C1_Init()	8	static
../Core/Src/main.cpp:369:13:void MX_USART1_UART_Init()	8	static
../Core/Src/main.cpp:402:13:void MX_GPIO_Init()	40	static
../Core/Src/main.cpp:438:6:void HAL_UART_RxCpltCallback(UART_HandleTypeDef*)	16	static
../Core/Src/main.cpp:463:6:void Error_Handler()	4	static,ignoring_inline_asm
../Core/Inc/layouts/vma_revolutions_menu.hpp:19:7:VmaMenu::~VmaMenu()	16	static
../Core/Inc/layouts/vma_revolutions_menu.hpp:19:7:virtual VmaMenu::~VmaMenu()	16	static
../Core/Inc/layouts/diagnostics_menu.hpp:18:7:DiagnosticsMenu::~DiagnosticsMenu()	16	static
../Core/Inc/layouts/diagnostics_menu.hpp:18:7:virtual DiagnosticsMenu::~DiagnosticsMenu()	16	static
../Core/Inc/layouts/main_menu.hpp:45:7:MainMenu::~MainMenu()	16	static
../Core/Inc/layouts/main_menu.hpp:45:7:virtual MainMenu::~MainMenu()	16	static
